Símbolo         Valor Decimal   Valor Hexadecimal
-------         -------------   -----------------
MSB_A                     128                  80
LSB_A                     129                  81
MSB_B                     130                  82
LSB_B                     131                  83
MSB_C                     132                  84
LSB_C                     133                  85
TEMP_MSB                  134                  86
TEMP_LSB                  135                  87
CONTADOR_VAR              136                  88
RESULT_QUAD_A             137                  89
RESULT_QUAD_B             138                  8A
RESULT_QUAD_C             139                  8B
RESULT_QUAD_D             140                  8C
RESULTADO                 141                  8D
MULTIPLICANDO_P           142                  8E
MULTIPLICANDO_Q           143                  8F
MULTIPLICADOR_R           144                  90
MULTIPLICADOR_S           145                  91
RESULTADO_T               146                  92
RESULTADO_U               147                  93
RESULTADO_V               148                  94
RESULTADO_W               149                  95
CONTADOR_MULT             150                  96
CONSTANTE_0               151                  97
CONSTANTE_1               152                  98
CONSTANTE_2               153                  99
CONSTANTE_3               154                  9A
CONSTANTE_4               155                  9B
CONSTANTE_16              156                  9C
CONSTANTE_128             157                  9D
CARREGA_A                   4                   4
CARREGA_B                  18                  12
CARREGA_C                  32                  20
PREP_MULT                  44                  2C
INICIO_MULT                62                  3E
DESLOCA_W                  73                  49
DESLOCAMENTO               92                  5C
ROTACIONA_U               101                  65
DECREMENTA_CONTADOR       112                  70
CHECK_A                   120                  78
PULA_DADOS                158                  9E
SUB_B_OR_C                182                  B6
CHECA_PITAGORAS           214                  D6
NAO_EQUILATERO            228                  E4
